
> base44-app@0.0.0 build
> vite build

[base44] Proxy not enabled (VITE_BASE44_APP_BASE_URL not set)
[36mvite v6.4.1 [32mbuilding for production...[36m[39m
transforming...
node.exe : file:///C:/Us
ers/USER/Downloads/base4
4-export-2026-03-24T15-2
6-56-127Z/tailwind.confi
g.js:2
At C:\Program 
Files\nodejs\npm.ps1:29 
char:3
+   & $NODE_EXE 
$NPM_CLI_JS $args
+   ~~~~~~~~~~~~~~~~~~~~
~~~~~~~~~
    + CategoryInfo      
        : NotSpecified: 
(fil    
e:///C:/User...ind.con  
  fig.js:2:String) [], 
R    emoteException
    + 
FullyQualifiedErrorI    
d : NativeCommandError
 
module.exports = {
^

ReferenceError: module 
is not defined
    at file:///C:/Users/
USER/Downloads/base44-ex
port-2026-03-24T15-26-56
-127Z/tailwind.config.js
:2:1
    at 
ModuleJobSync.runSync (n
ode:internal/modules/esm
/module_job:395:35)
    at ModuleLoader.impo
rtSyncForRequire (node:i
nternal/modules/esm/load
er:329:47)
    at loadESMFromCJS (n
ode:internal/modules/cjs
/loader:1414:24)
    at Module._compile (
node:internal/modules/cj
s/loader:1547:5)
    at Object..js (node:
internal/modules/cjs/loa
der:1677:16)
    at Module.load (node
:internal/modules/cjs/lo
ader:1318:32)
    at Function._load (n
ode:internal/modules/cjs
/loader:1128:12)
    at TracingChannel.tr
aceSync (node:diagnostic
s_channel:322:14)
    at wrapModuleLoad (n
ode:internal/modules/cjs
/loader:219:24)

Node.js v22.12.0
